127.0.0.1 - - [14/Dec/2019:15:15:35 +0530] "GET / HTTP/1.1" 404 1074
0:0:0:0:0:0:0:1 - - [14/Dec/2019:15:19:59 +0530] "OPTIONS /asset/register HTTP/1.1" 200 -
0:0:0:0:0:0:0:1 - - [14/Dec/2019:15:19:59 +0530] "OPTIONS /asset/register HTTP/1.1" 200 -
0:0:0:0:0:0:0:1 - - [14/Dec/2019:15:20:03 +0530] "POST /asset/register HTTP/1.1" 200 116
0:0:0:0:0:0:0:1 - - [14/Dec/2019:15:20:03 +0530] "POST /asset/register HTTP/1.1" 200 120
0:0:0:0:0:0:0:1 - - [14/Dec/2019:15:20:36 +0530] "OPTIONS /asset/login HTTP/1.1" 200 -
0:0:0:0:0:0:0:1 - - [14/Dec/2019:15:20:36 +0530] "POST /asset/login HTTP/1.1" 200 109
0:0:0:0:0:0:0:1 - - [14/Dec/2019:15:20:58 +0530] "POST /asset/login HTTP/1.1" 200 257
127.0.0.1 - - [14/Dec/2019:16:51:52 +0530] "GET / HTTP/1.1" 404 1074
127.0.0.1 - - [14/Dec/2019:16:53:07 +0530] "GET / HTTP/1.1" 404 1074
0:0:0:0:0:0:0:1 - - [14/Dec/2019:16:53:55 +0530] "OPTIONS /asset/login HTTP/1.1" 500 10338
0:0:0:0:0:0:0:1 - - [14/Dec/2019:16:55:29 +0530] "POST /asset/login HTTP/1.1" 500 10338
127.0.0.1 - - [14/Dec/2019:16:58:45 +0530] "GET / HTTP/1.1" 404 1074
0:0:0:0:0:0:0:1 - - [14/Dec/2019:17:01:28 +0530] "POST /asset/add HTTP/1.1" 500 10338
127.0.0.1 - - [14/Dec/2019:18:25:57 +0530] "GET / HTTP/1.1" 404 1074
0:0:0:0:0:0:0:1 - - [14/Dec/2019:18:29:49 +0530] "POST /asset/register HTTP/1.1" 500 10338
127.0.0.1 - - [14/Dec/2019:18:33:33 +0530] "GET / HTTP/1.1" 404 1074
0:0:0:0:0:0:0:1 - - [14/Dec/2019:18:33:54 +0530] "POST /asset/register HTTP/1.1" 500 10338
0:0:0:0:0:0:0:1 - - [14/Dec/2019:18:35:45 +0530] "POST /asset/register HTTP/1.1" 200 116
0:0:0:0:0:0:0:1 - - [14/Dec/2019:18:37:47 +0530] "OPTIONS /asset/login HTTP/1.1" 200 -
0:0:0:0:0:0:0:1 - - [14/Dec/2019:18:37:47 +0530] "POST /asset/login HTTP/1.1" 200 247
0:0:0:0:0:0:0:1 - - [14/Dec/2019:18:41:35 +0530] "POST /asset/add HTTP/1.1" 200 127
127.0.0.1 - - [14/Dec/2019:18:41:59 +0530] "GET / HTTP/1.1" 404 1074
0:0:0:0:0:0:0:1 - - [14/Dec/2019:18:42:19 +0530] "POST /asset/add HTTP/1.1" 200 127
127.0.0.1 - - [14/Dec/2019:18:49:23 +0530] "GET / HTTP/1.1" 404 1074
0:0:0:0:0:0:0:1 - - [14/Dec/2019:18:49:50 +0530] "POST /asset/add HTTP/1.1" 200 127
127.0.0.1 - - [14/Dec/2019:19:01:29 +0530] "GET / HTTP/1.1" 404 1074
0:0:0:0:0:0:0:1 - - [14/Dec/2019:19:01:50 +0530] "POST /asset/add HTTP/1.1" 200 123
0:0:0:0:0:0:0:1 - - [14/Dec/2019:19:05:46 +0530] "POST /asset/modify HTTP/1.1" 200 118
0:0:0:0:0:0:0:1 - - [14/Dec/2019:19:06:28 +0530] "POST /asset/modify HTTP/1.1" 200 118
0:0:0:0:0:0:0:1 - - [14/Dec/2019:19:06:38 +0530] "POST /asset/modify HTTP/1.1" 200 118
0:0:0:0:0:0:0:1 - - [14/Dec/2019:19:12:30 +0530] "POST /asset/modify HTTP/1.1" 200 118
127.0.0.1 - - [14/Dec/2019:19:14:11 +0530] "GET / HTTP/1.1" 404 1074
0:0:0:0:0:0:0:1 - - [14/Dec/2019:19:14:35 +0530] "POST /asset/add HTTP/1.1" 200 123
0:0:0:0:0:0:0:1 - - [14/Dec/2019:19:15:37 +0530] "PUT /asset/modify HTTP/1.1" 200 118
0:0:0:0:0:0:0:1 - - [14/Dec/2019:19:16:59 +0530] "PUT /asset/modify HTTP/1.1" 200 124
0:0:0:0:0:0:0:1 - - [14/Dec/2019:19:20:39 +0530] "DELETE /asset/delete/2 HTTP/1.1" 200 128
0:0:0:0:0:0:0:1 - - [14/Dec/2019:19:20:56 +0530] "GET /asset/delete/get HTTP/1.1" 200 118
0:0:0:0:0:0:0:1 - - [14/Dec/2019:19:21:56 +0530] "GET /asset/delete/get/3 HTTP/1.1" 404 1047
127.0.0.1 - - [14/Dec/2019:19:22:48 +0530] "GET / HTTP/1.1" 404 1074
0:0:0:0:0:0:0:1 - - [14/Dec/2019:19:23:15 +0530] "GET /asset/delete/get/3 HTTP/1.1" 404 1047
0:0:0:0:0:0:0:1 - - [14/Dec/2019:19:25:19 +0530] "GET /asset/get/3 HTTP/1.1" 404 1047
0:0:0:0:0:0:0:1 - - [14/Dec/2019:19:26:39 +0530] "GET /asset/get?pid=3 HTTP/1.1" 200 118
127.0.0.1 - - [14/Dec/2019:19:28:12 +0530] "GET / HTTP/1.1" 404 1074
0:0:0:0:0:0:0:1 - - [14/Dec/2019:19:32:26 +0530] "POST /asset/add HTTP/1.1" 200 118
0:0:0:0:0:0:0:1 - - [14/Dec/2019:19:33:29 +0530] "POST /asset/add HTTP/1.1" 200 123
0:0:0:0:0:0:0:1 - - [14/Dec/2019:19:33:53 +0530] "POST /asset/add HTTP/1.1" 200 123
0:0:0:0:0:0:0:1 - - [14/Dec/2019:19:34:12 +0530] "POST /asset/add HTTP/1.1" 200 123
0:0:0:0:0:0:0:1 - - [14/Dec/2019:19:35:40 +0530] "PUT /asset/laptop HTTP/1.1" 404 1047
0:0:0:0:0:0:0:1 - - [14/Dec/2019:19:36:43 +0530] "PUT /asset/laptop HTTP/1.1" 404 1047
0:0:0:0:0:0:0:1 - - [14/Dec/2019:19:37:24 +0530] "PUT /asset/modify HTTP/1.1" 200 124
0:0:0:0:0:0:0:1 - - [14/Dec/2019:19:38:09 +0530] "PUT /asset/delete/6 HTTP/1.1" 200 118
0:0:0:0:0:0:0:1 - - [14/Dec/2019:19:38:19 +0530] "DELETE /asset/delete/6 HTTP/1.1" 200 128
0:0:0:0:0:0:0:1 - - [14/Dec/2019:19:39:01 +0530] "GET /asset/get?pid=6 HTTP/1.1" 200 118
0:0:0:0:0:0:0:1 - - [14/Dec/2019:19:40:03 +0530] "GET /asset/get?pid=5 HTTP/1.1" 200 118
0:0:0:0:0:0:0:1 - - [14/Dec/2019:19:40:59 +0530] "GET /asset/get?pid=5 HTTP/1.1" 200 118
127.0.0.1 - - [14/Dec/2019:19:41:48 +0530] "GET / HTTP/1.1" 404 1074
0:0:0:0:0:0:0:1 - - [14/Dec/2019:19:42:10 +0530] "GET /asset/get?pid=5 HTTP/1.1" 200 123
127.0.0.1 - - [14/Dec/2019:19:46:44 +0530] "GET / HTTP/1.1" 404 1074
0:0:0:0:0:0:0:1 - - [14/Dec/2019:19:47:16 +0530] "GET /asset/get?pid=5 HTTP/1.1" 200 123
127.0.0.1 - - [14/Dec/2019:19:47:58 +0530] "GET / HTTP/1.1" 404 1074
0:0:0:0:0:0:0:1 - - [14/Dec/2019:19:48:21 +0530] "GET /asset/get?pid=5 HTTP/1.1" 200 123
127.0.0.1 - - [14/Dec/2019:19:54:57 +0530] "GET / HTTP/1.1" 404 1074
0:0:0:0:0:0:0:1 - - [14/Dec/2019:19:55:18 +0530] "GET /asset/get?pid=5 HTTP/1.1" 200 175
0:0:0:0:0:0:0:1 - - [14/Dec/2019:19:56:46 +0530] "GET /asset/get-all HTTP/1.1" 200 118
0:0:0:0:0:0:0:1 - - [14/Dec/2019:20:03:55 +0530] "GET /asset/get?pid=3 HTTP/1.1" 200 170
0:0:0:0:0:0:0:1 - - [14/Dec/2019:20:14:11 +0530] "GET /asset/get-all HTTP/1.1" 200 118
127.0.0.1 - - [14/Dec/2019:20:17:54 +0530] "GET / HTTP/1.1" 404 1074
0:0:0:0:0:0:0:1 - - [14/Dec/2019:20:18:30 +0530] "GET /asset/get-all HTTP/1.1" 200 283
0:0:0:0:0:0:0:1 - - [14/Dec/2019:20:21:19 +0530] "OPTIONS /asset/login HTTP/1.1" 200 -
0:0:0:0:0:0:0:1 - - [14/Dec/2019:20:21:21 +0530] "POST /asset/login HTTP/1.1" 200 109
0:0:0:0:0:0:0:1 - - [14/Dec/2019:20:22:22 +0530] "POST /asset/login HTTP/1.1" 200 247
127.0.0.1 - - [14/Dec/2019:20:31:50 +0530] "GET / HTTP/1.1" 404 1074
0:0:0:0:0:0:0:1 - - [14/Dec/2019:20:32:23 +0530] "GET /asset/get-all HTTP/1.1" 200 283
0:0:0:0:0:0:0:1 - - [14/Dec/2019:20:34:00 +0530] "POST /asset/add HTTP/1.1" 200 127
127.0.0.1 - - [14/Dec/2019:20:34:29 +0530] "GET / HTTP/1.1" 404 1074
0:0:0:0:0:0:0:1 - - [14/Dec/2019:20:35:21 +0530] "POST /asset/add HTTP/1.1" 200 123
0:0:0:0:0:0:0:1 - - [14/Dec/2019:20:35:48 +0530] "POST /asset/add HTTP/1.1" 200 123
0:0:0:0:0:0:0:1 - - [14/Dec/2019:20:36:03 +0530] "POST /asset/add HTTP/1.1" 200 123
0:0:0:0:0:0:0:1 - - [14/Dec/2019:20:36:14 +0530] "GET /asset/get-all HTTP/1.1" 200 288
